// Jest Snapshot v1, https://goo.gl/fbAQLP

exports[`Snapshot test works correctly 1`] = `[Function]`;
