// Jest Snapshot v1, https://goo.gl/fbAQLP

exports[`Snapshot test works correctly 1`] = `
<footer>
  <div
    className="logo"
  >
    FILMS
  </div>
  <div
    className="copyright"
  >
    COPYRATING 2019 SOME OTHER TEXT
  </div>
</footer>
`;
